// Jest Snapshot v1, https://goo.gl/fbAQLP

exports[`renders MainPage without crashing and filter no robots 1`] = `ShallowWrapper {}`;
